Γû▓ Next.js 16.2.1 (Turbopack)
- Environments: .env.local

  Creating an optimized production build ...
node.exe : Turbopack build encountered 2 warnings:
At line:1 char:1
+ & "C:\Program Files\nodejs/node.exe" "C:\Users\Two Stars 
HQ\AppData\R ...
+ ~~~~~~~~~~~~~~~~~~~~~~~~~~~~~~~~~~~~~~~~~~~~~~~~~~~~~~~~~~~~~~~
~~~~~~
    + CategoryInfo          : NotSpecified: (Turbopack build enc 
   ountered 2 warnings::String) [], RemoteException
    + FullyQualifiedErrorId : NativeCommandError
 
[next]/internal/font/google/be_vietnam_pro_55fc57b1.module.css
Error while requesting resource
There was an issue establishing a connection while requesting htt
ps://fonts.googleapis.com/css2?family=Be+Vietnam+Pro:wght@300;400
;500;600;700;800&display=swap

Import trace:
  Server Component:
    
[next]/internal/font/google/be_vietnam_pro_55fc57b1.module.css
    [next]/internal/font/google/be_vietnam_pro_55fc57b1.js
    ./src/app/layout.tsx


[next]/internal/font/google/space_grotesk_5cef1655.module.css
Error while requesting resource
There was an issue establishing a connection while requesting htt
ps://fonts.googleapis.com/css2?family=Space+Grotesk:wght@400;500;
600;700&display=swap

Import trace:
  Server Component:
    [next]/internal/font/google/space_grotesk_5cef1655.module.css
    [next]/internal/font/google/space_grotesk_5cef1655.js
    ./src/app/layout.tsx



> Build error occurred
Error: Turbopack build failed with 2 errors:
[next]/internal/font/google/be_vietnam_pro_55fc57b1.module.css
next/font: error:
Failed to fetch `Be Vietnam Pro` from Google Fonts.

Import trace:
  Server Component:
    
[next]/internal/font/google/be_vietnam_pro_55fc57b1.module.css
    [next]/internal/font/google/be_vietnam_pro_55fc57b1.js
    ./src/app/layout.tsx


[next]/internal/font/google/space_grotesk_5cef1655.module.css
next/font: error:
Failed to fetch `Space Grotesk` from Google Fonts.

Import trace:
  Server Component:
    [next]/internal/font/google/space_grotesk_5cef1655.module.css
    [next]/internal/font/google/space_grotesk_5cef1655.js
    ./src/app/layout.tsx


    at ignore-listed frames
